
   FAIL  Tests\Feature\AuthTest
  Ô£ô user can register                                                    0.39s  
  Ô£ô register validation fails with invalid email                         0.02s  
  Ô£ô register validation fails with short password                        0.02s  
  Ô£ô register validation fails with mismatched passwords                  0.02s  
  Ô£ô register validation fails with duplicate email                       0.03s  
  Ô£ô user can login                                                       0.02s  
  Ô£ô login fails with invalid credentials                                 0.02s  
  Ô£ô login fails with nonexistent email                                   0.02s  
  Ô£ô user can get authenticated user                                      0.02s  
  Ô£ô get authenticated user fails without token                           0.02s  
  Ô¿» user can logout                                                      0.03s  
  Ô£ô logout fails without token                                           0.02s  
  Ô¿» user can refresh token                                               0.02s  
  Ô£ô refresh token fails without token                                    0.02s  
  Ô¿» token authentication header format                                   0.02s  
  ÔöÇÔöÇÔöÇÔöÇÔöÇÔöÇÔöÇÔöÇÔöÇÔöÇÔöÇÔöÇÔöÇÔöÇÔöÇÔöÇÔöÇÔöÇÔöÇÔöÇÔöÇÔöÇÔöÇÔöÇÔöÇÔöÇÔöÇÔöÇÔöÇÔöÇÔöÇÔöÇÔöÇÔöÇÔöÇÔöÇÔöÇÔöÇÔöÇÔöÇÔöÇÔöÇÔöÇÔöÇÔöÇÔöÇÔöÇÔöÇÔöÇÔöÇÔöÇÔöÇÔöÇÔöÇÔöÇÔöÇÔöÇÔöÇÔöÇÔöÇÔöÇÔöÇÔöÇÔöÇÔöÇÔöÇÔöÇÔöÇÔöÇÔöÇÔöÇÔöÇÔöÇÔöÇÔöÇÔöÇ  
   FAILED  Tests\Feature\AuthTest > user can logout                             
  Expected response status code [401] but received 200.
Failed asserting that 200 is identical to 401.

  at tests\Feature\AuthTest.php:193
    189Ôûò 
    190Ôûò         // Token should be deleted, so further requests should fail
    191Ôûò         $this->withHeader('Authorization', "Bearer {$token}")
    192Ôûò             ->getJson('/api/auth/me')
  Ô×£ 193Ôûò             ->assertStatus(401);
    194Ôûò     }
    195Ôûò 
    196Ôûò     public function test_logout_fails_without_token()
    197Ôûò     {

  ÔöÇÔöÇÔöÇÔöÇÔöÇÔöÇÔöÇÔöÇÔöÇÔöÇÔöÇÔöÇÔöÇÔöÇÔöÇÔöÇÔöÇÔöÇÔöÇÔöÇÔöÇÔöÇÔöÇÔöÇÔöÇÔöÇÔöÇÔöÇÔöÇÔöÇÔöÇÔöÇÔöÇÔöÇÔöÇÔöÇÔöÇÔöÇÔöÇÔöÇÔöÇÔöÇÔöÇÔöÇÔöÇÔöÇÔöÇÔöÇÔöÇÔöÇÔöÇÔöÇÔöÇÔöÇÔöÇÔöÇÔöÇÔöÇÔöÇÔöÇÔöÇÔöÇÔöÇÔöÇÔöÇÔöÇÔöÇÔöÇÔöÇÔöÇÔöÇÔöÇÔöÇÔöÇÔöÇÔöÇ  
   FAILED  Tests\Feature\AuthTest > user can refresh token                      
  Expected response status code [401] but received 200.
Failed asserting that 200 is identical to 401.

  at tests\Feature\AuthTest.php:223
    219Ôûò 
    220Ôûò         // Old token should not work anymore
    221Ôûò         $this->withHeader('Authorization', "Bearer {$oldToken}")
    222Ôûò             ->getJson('/api/auth/me')
  Ô×£ 223Ôûò             ->assertStatus(401);
    224Ôûò 
    225Ôûò         // New token should work
    226Ôûò         $this->withHeader('Authorization', "Bearer {$newToken}")
    227Ôûò             ->getJson('/api/auth/me')

  ÔöÇÔöÇÔöÇÔöÇÔöÇÔöÇÔöÇÔöÇÔöÇÔöÇÔöÇÔöÇÔöÇÔöÇÔöÇÔöÇÔöÇÔöÇÔöÇÔöÇÔöÇÔöÇÔöÇÔöÇÔöÇÔöÇÔöÇÔöÇÔöÇÔöÇÔöÇÔöÇÔöÇÔöÇÔöÇÔöÇÔöÇÔöÇÔöÇÔöÇÔöÇÔöÇÔöÇÔöÇÔöÇÔöÇÔöÇÔöÇÔöÇÔöÇÔöÇÔöÇÔöÇÔöÇÔöÇÔöÇÔöÇÔöÇÔöÇÔöÇÔöÇÔöÇÔöÇÔöÇÔöÇÔöÇÔöÇÔöÇÔöÇÔöÇÔöÇÔöÇÔöÇÔöÇÔöÇÔöÇ  
   FAILED  Tests\Feature\AuthTest > token authentication header format          
  Expected response status code [401] but received 200.
Failed asserting that 200 is identical to 401.

  at tests\Feature\AuthTest.php:251
    247Ôûò 
    248Ôûò         // Test without Bearer prefix (should fail)
    249Ôûò         $response2 = $this->withHeader('Authorization', $token)
    250Ôûò             ->getJson('/api/auth/me');
  Ô×£ 251Ôûò         $response2->assertStatus(401);
    252Ôûò     }
    253Ôûò }
    254Ôûò


  Tests:    3 failed, 12 passed (53 assertions)
  Duration: 0.83s

